// Jest Snapshot v1, https://goo.gl/fbAQLP

exports[`LiquidityMath #addDelta gas add 1`] = `268`;

exports[`LiquidityMath #addDelta gas sub 1`] = `367`;
