// Jest Snapshot v1, https://goo.gl/fbAQLP

exports[`TickMath #getSqrtRatioAtTick tick -50 gas 1`] = `1309`;

exports[`TickMath #getSqrtRatioAtTick tick -50 result 1`] = `"79030349367926598376800521322"`;

exports[`TickMath #getSqrtRatioAtTick tick -100 gas 1`] = `1309`;

exports[`TickMath #getSqrtRatioAtTick tick -100 result 1`] = `"78833030112140176575862854579"`;

exports[`TickMath #getSqrtRatioAtTick tick -250 gas 1`] = `1627`;

exports[`TickMath #getSqrtRatioAtTick tick -250 result 1`] = `"78244023372248365697264290337"`;

exports[`TickMath #getSqrtRatioAtTick tick -500 gas 1`] = `1627`;

exports[`TickMath #getSqrtRatioAtTick tick -500 result 1`] = `"77272108795590369356373805297"`;

exports[`TickMath #getSqrtRatioAtTick tick -1000 gas 1`] = `1627`;

exports[`TickMath #getSqrtRatioAtTick tick -1000 result 1`] = `"75364347830767020784054125655"`;

exports[`TickMath #getSqrtRatioAtTick tick -2500 gas 1`] = `1521`;

exports[`TickMath #getSqrtRatioAtTick tick -2500 result 1`] = `"69919044979842180277688105136"`;

exports[`TickMath #getSqrtRatioAtTick tick -3000 gas 1`] = `1733`;

exports[`TickMath #getSqrtRatioAtTick tick -3000 result 1`] = `"68192822843687888778582228483"`;

exports[`TickMath #getSqrtRatioAtTick tick -4000 gas 1`] = `1627`;

exports[`TickMath #getSqrtRatioAtTick tick -4000 result 1`] = `"64867181785621769311890333195"`;

exports[`TickMath #getSqrtRatioAtTick tick -5000 gas 1`] = `1521`;

exports[`TickMath #getSqrtRatioAtTick tick -5000 result 1`] = `"61703726247759831737814779831"`;

exports[`TickMath #getSqrtRatioAtTick tick -50000 gas 1`] = `1627`;

exports[`TickMath #getSqrtRatioAtTick tick -50000 result 1`] = `"6504256538020985011912221507"`;

exports[`TickMath #getSqrtRatioAtTick tick 50 gas 1`] = `1315`;

exports[`TickMath #getSqrtRatioAtTick tick 50 result 1`] = `"79426470787362580746886972461"`;

exports[`TickMath #getSqrtRatioAtTick tick 100 gas 1`] = `1315`;

exports[`TickMath #getSqrtRatioAtTick tick 100 result 1`] = `"79625275426524748796330556128"`;

exports[`TickMath #getSqrtRatioAtTick tick 250 gas 1`] = `1633`;

exports[`TickMath #getSqrtRatioAtTick tick 250 result 1`] = `"80224679980005306637834519095"`;

exports[`TickMath #getSqrtRatioAtTick tick 500 gas 1`] = `1633`;

exports[`TickMath #getSqrtRatioAtTick tick 500 result 1`] = `"81233731461783161732293370115"`;

exports[`TickMath #getSqrtRatioAtTick tick 1000 gas 1`] = `1633`;

exports[`TickMath #getSqrtRatioAtTick tick 1000 result 1`] = `"83290069058676223003182343270"`;

exports[`TickMath #getSqrtRatioAtTick tick 2500 gas 1`] = `1527`;

exports[`TickMath #getSqrtRatioAtTick tick 2500 result 1`] = `"89776708723587163891445672585"`;

exports[`TickMath #getSqrtRatioAtTick tick 3000 gas 1`] = `1739`;

exports[`TickMath #getSqrtRatioAtTick tick 3000 result 1`] = `"92049301871182272007977902845"`;

exports[`TickMath #getSqrtRatioAtTick tick 4000 gas 1`] = `1633`;

exports[`TickMath #getSqrtRatioAtTick tick 4000 result 1`] = `"96768528593268422080558758223"`;

exports[`TickMath #getSqrtRatioAtTick tick 5000 gas 1`] = `1527`;

exports[`TickMath #getSqrtRatioAtTick tick 5000 result 1`] = `"101729702841318637793976746270"`;

exports[`TickMath #getSqrtRatioAtTick tick 50000 gas 1`] = `1633`;

exports[`TickMath #getSqrtRatioAtTick tick 50000 result 1`] = `"965075977353221155028623082916"`;

exports[`TickMath #getTickAtSqrtRatio ratio 2503036416286949174936592463 gas 1`] = `4330`;

exports[`TickMath #getTickAtSqrtRatio ratio 2503036416286949174936592463 result 1`] = `-69100`;

exports[`TickMath #getTickAtSqrtRatio ratio 9903520314283042199192993792 gas 1`] = `2325`;

exports[`TickMath #getTickAtSqrtRatio ratio 9903520314283042199192993792 result 1`] = `-41591`;

exports[`TickMath #getTickAtSqrtRatio ratio 28011385487393069959365969113 gas 1`] = `4118`;

exports[`TickMath #getTickAtSqrtRatio ratio 28011385487393069959365969113 result 1`] = `-20796`;

exports[`TickMath #getTickAtSqrtRatio ratio 56022770974786139918731938227 gas 1`] = `4012`;

exports[`TickMath #getTickAtSqrtRatio ratio 56022770974786139918731938227 result 1`] = `-6932`;

exports[`TickMath #getTickAtSqrtRatio ratio 79228162514264337593543950336 gas 1`] = `3314`;

exports[`TickMath #getTickAtSqrtRatio ratio 79228162514264337593543950336 result 1`] = `0`;

exports[`TickMath #getTickAtSqrtRatio ratio 112045541949572279837463876454 gas 1`] = `4012`;

exports[`TickMath #getTickAtSqrtRatio ratio 112045541949572279837463876454 result 1`] = `6931`;

exports[`TickMath #getTickAtSqrtRatio ratio 224091083899144559674927752909 gas 1`] = `4118`;

exports[`TickMath #getTickAtSqrtRatio ratio 224091083899144559674927752909 result 1`] = `20795`;

exports[`TickMath #getTickAtSqrtRatio ratio 633825300114114700748351602688 gas 1`] = `4223`;

exports[`TickMath #getTickAtSqrtRatio ratio 633825300114114700748351602688 result 1`] = `41590`;

exports[`TickMath #getTickAtSqrtRatio ratio 2507794810551837817144115957739 gas 1`] = `4345`;

exports[`TickMath #getTickAtSqrtRatio ratio 2507794810551837817144115957739 result 1`] = `69099`;
